99.244.4.151 - - [02/Jul/2016:23:33:50 -0400] "GET /wp-admin/admin-ajax.php?action=imgedit-preview&_ajax_nonce=12ecc48f94&postid=562&rand=38202 HTTP/1.1" 200 58563 "http://www.chosensolutions.ca/wp-admin/post.php?post=562&action=edit&image-editor" "Mozilla/5.0 (Windows NT 10.0; WOW64) AppleWebKit/537.36 (KHTML, like Gecko) Chrome/51.0.2704.103 Safari/537.36"
99.244.4.151 - - [02/Jul/2016:23:33:50 -0400] "GET /wp-content/uploads/2016/07/test2-1024x567.png HTTP/1.1" 200 283110 "http://www.chosensolutions.ca/wp-admin/post.php?post=562&action=edit&image-editor" "Mozilla/5.0 (Windows NT 10.0; WOW64) AppleWebKit/537.36 (KHTML, like Gecko) Chrome/51.0.2704.103 Safari/537.36"
99.244.4.151 - - [02/Jul/2016:23:33:51 -0400] "POST /wp-admin/admin-ajax.php HTTP/1.1" 200 640 "http://www.chosensolutions.ca/wp-admin/post.php?post=562&action=edit&image-editor" "Mozilla/5.0 (Windows NT 10.0; WOW64) AppleWebKit/537.36 (KHTML, like Gecko) Chrome/51.0.2704.103 Safari/537.36"
99.244.4.151 - - [02/Jul/2016:23:33:51 -0400] "POST /wp-admin/admin-ajax.php HTTP/1.1" 200 535 "http://www.chosensolutions.ca/wp-admin/post.php?post=562&action=edit&image-editor" "Mozilla/5.0 (Windows NT 10.0; WOW64) AppleWebKit/537.36 (KHTML, like Gecko) Chrome/51.0.2704.103 Safari/537.36"
99.244.4.151 - - [02/Jul/2016:23:33:53 -0400] "POST /wp-admin/admin-ajax.php HTTP/1.1" 200 633 "http://www.chosensolutions.ca/wp-admin/post.php?post=432&action=edit" "Mozilla/5.0 (Windows NT 10.0; WOW64) AppleWebKit/537.36 (KHTML, like Gecko) Chrome/51.0.2704.103 Safari/537.36"
99.244.4.151 - - [02/Jul/2016:23:33:55 -0400] "GET /wp-content/uploads/2016/07/test2-1-150x150.png HTTP/1.1" 200 19589 "http://www.chosensolutions.ca/wp-admin/post.php?post=432&action=edit" "Mozilla/5.0 (Windows NT 10.0; WOW64) AppleWebKit/537.36 (KHTML, like Gecko) Chrome/51.0.2704.103 Safari/537.36"
99.244.4.151 - - [02/Jul/2016:23:33:57 -0400] "POST /wp-admin/admin-ajax.php?_panelsnonce=23ddabf66d HTTP/1.1" 200 1357 "http://www.chosensolutions.ca/wp-admin/post.php?post=432&action=edit" "Mozilla/5.0 (Windows NT 10.0; WOW64) AppleWebKit/537.36 (KHTML, like Gecko) Chrome/51.0.2704.103 Safari/537.36"
99.244.4.151 - - [02/Jul/2016:23:33:58 -0400] "GET /wp-admin/post.php?post=432&action=edit&message=1 HTTP/1.1" 200 52344 "http://www.chosensolutions.ca/wp-admin/post.php?post=432&action=edit" "Mozilla/5.0 (Windows NT 10.0; WOW64) AppleWebKit/537.36 (KHTML, like Gecko) Chrome/51.0.2704.103 Safari/537.36"
99.244.4.151 - - [02/Jul/2016:23:33:59 -0400] "GET /wp-admin/admin-ajax.php?action=atd_settings&ver=20150715 HTTP/1.1" 200 765 "http://www.chosensolutions.ca/wp-admin/post.php?post=432&action=edit&message=1" "Mozilla/5.0 (Windows NT 10.0; WOW64) AppleWebKit/537.36 (KHTML, like Gecko) Chrome/51.0.2704.103 Safari/537.36"
99.244.4.151 - - [02/Jul/2016:23:33:59 -0400] "GET /web-development/ HTTP/1.1" 200 13601 "http://www.chosensolutions.ca/design/" "Mozilla/5.0 (Windows NT 10.0; WOW64) AppleWebKit/537.36 (KHTML, like Gecko) Chrome/51.0.2704.103 Safari/537.36"
99.244.4.151 - - [02/Jul/2016:23:33:59 -0400] "GET /wp-includes/css/admin-bar.min.css?ver=4.5.3 HTTP/1.1" 200 4091 "http://www.chosensolutions.ca/web-development/" "Mozilla/5.0 (Windows NT 10.0; WOW64) AppleWebKit/537.36 (KHTML, like Gecko) Chrome/51.0.2704.103 Safari/537.36"
99.244.4.151 - - [02/Jul/2016:23:33:59 -0400] "GET /wp-includes/css/dashicons.min.css?ver=4.5.3 HTTP/1.1" 200 28949 "http://www.chosensolutions.ca/web-development/" "Mozilla/5.0 (Windows NT 10.0; WOW64) AppleWebKit/537.36 (KHTML, like Gecko) Chrome/51.0.2704.103 Safari/537.36"
99.244.4.151 - - [02/Jul/2016:23:33:59 -0400] "GET /wp-content/plugins/siteorigin-panels/css/front.css?ver=2.4.9 HTTP/1.1" 200 568 "http://www.chosensolutions.ca/web-development/" "Mozilla/5.0 (Windows NT 10.0; WOW64) AppleWebKit/537.36 (KHTML, like Gecko) Chrome/51.0.2704.103 Safari/537.36"
99.244.4.151 - - [02/Jul/2016:23:33:59 -0400] "GET /wp-content/plugins/contact-form-7/includes/css/styles.css?ver=4.4.2 HTTP/1.1" 200 804 "http://www.chosensolutions.ca/web-development/" "Mozilla/5.0 (Windows NT 10.0; WOW64) AppleWebKit/537.36 (KHTML, like Gecko) Chrome/51.0.2704.103 Safari/537.36"
99.244.4.151 - - [02/Jul/2016:23:33:59 -0400] "GET /wp-content/plugins/optin-forms/css/optinforms.css?ver=4.5.3 HTTP/1.1" 200 1951 "http://www.chosensolutions.ca/web-development/" "Mozilla/5.0 (Windows NT 10.0; WOW64) AppleWebKit/537.36 (KHTML, like Gecko) Chrome/51.0.2704.103 Safari/537.36"
99.244.4.151 - - [02/Jul/2016:23:33:59 -0400] "GET /wp-content/themes/sydney/css/bootstrap/bootstrap.min.css?ver=1 HTTP/1.1" 200 4738 "http://www.chosensolutions.ca/web-development/" "Mozilla/5.0 (Windows NT 10.0; WOW64) AppleWebKit/537.36 (KHTML, like Gecko) Chrome/51.0.2704.103 Safari/537.36"
99.244.4.151 - - [02/Jul/2016:23:34:00 -0400] "GET /wp-content/plugins/wordpress-seo/css/adminbar-330.min.css?ver=3.3.4 HTTP/1.1" 200 706 "http://www.chosensolutions.ca/web-development/" "Mozilla/5.0 (Windows NT 10.0; WOW64) AppleWebKit/537.36 (KHTML, like Gecko) Chrome/51.0.2704.103 Safari/537.36"
99.244.4.151 - - [02/Jul/2016:23:34:00 -0400] "GET /wp-content/themes/sydney/style.css?ver=4.5.3 HTTP/1.1" 200 12758 "http://www.chosensolutions.ca/web-development/" "Mozilla/5.0 (Windows NT 10.0; WOW64) AppleWebKit/537.36 (KHTML, like Gecko) Chrome/51.0.2704.103 Safari/537.36"
99.244.4.151 - - [02/Jul/2016:23:34:00 -0400] "GET /wp-content/themes/sydney/fonts/font-awesome.min.css?ver=4.5.3 HTTP/1.1" 200 6579 "http://www.chosensolutions.ca/web-development/" "Mozilla/5.0 (Windows NT 10.0; WOW64) AppleWebKit/537.36 (KHTML, like Gecko) Chrome/51.0.2704.103 Safari/537.36"
99.244.4.151 - - [02/Jul/2016:23:34:00 -0400] "GET /wp-content/uploads/siteorigin-widgets/sow-image-default-1c389ca87c1a.css?ver=4.5.3 HTTP/1.1" 200 486 "http://www.chosensolutions.ca/web-development/" "Mozilla/5.0 (Windows NT 10.0; WOW64) AppleWebKit/537.36 (KHTML, like Gecko) Chrome/51.0.2704.103 Safari/537.36"
99.244.4.151 - - [02/Jul/2016:23:34:00 -0400] "GET /wp-content/plugins/jetpack/css/jetpack.css?ver=4.0.4 HTTP/1.1" 200 10300 "http://www.chosensolutions.ca/web-development/" "Mozilla/5.0 (Windows NT 10.0; WOW64) AppleWebKit/537.36 (KHTML, like Gecko) Chrome/51.0.2704.103 Safari/537.36"
99.244.4.151 - - [02/Jul/2016:23:34:00 -0400] "GET /wp-includes/js/jquery/jquery.js?ver=1.12.4 HTTP/1.1" 200 34118 "http://www.chosensolutions.ca/web-development/" "Mozilla/5.0 (Windows NT 10.0; WOW64) AppleWebKit/537.36 (KHTML, like Gecko) Chrome/51.0.2704.103 Safari/537.36"
99.244.4.151 - - [02/Jul/2016:23:34:00 -0400] "GET /wp-content/plugins/optin-forms/js/placeholder.js?ver=4.5.3 HTTP/1.1" 200 1652 "http://www.chosensolutions.ca/web-development/" "Mozilla/5.0 (Windows NT 10.0; WOW64) AppleWebKit/537.36 (KHTML, like Gecko) Chrome/51.0.2704.103 Safari/537.36"
99.244.4.151 - - [02/Jul/2016:23:34:00 -0400] "GET /wp-includes/js/jquery/jquery-migrate.min.js?ver=1.4.1 HTTP/1.1" 200 4364 "http://www.chosensolutions.ca/web-development/" "Mozilla/5.0 (Windows NT 10.0; WOW64) AppleWebKit/537.36 (KHTML, like Gecko) Chrome/51.0.2704.103 Safari/537.36"
99.244.4.151 - - [02/Jul/2016:23:34:00 -0400] "GET /wp-content/plugins/magic-action-box/assets/js/actionbox-helper.js?ver=2.17.1 HTTP/1.1" 200 576 "http://www.chosensolutions.ca/web-development/" "Mozilla/5.0 (Windows NT 10.0; WOW64) AppleWebKit/537.36 (KHTML, like Gecko) Chrome/51.0.2704.103 Safari/537.36"
99.244.4.151 - - [02/Jul/2016:23:34:00 -0400] "GET /wp-content/plugins/siteorigin-panels/js/styling-24.min.js?ver=2.4.9 HTTP/1.1" 200 768 "http://www.chosensolutions.ca/web-development/" "Mozilla/5.0 (Windows NT 10.0; WOW64) AppleWebKit/537.36 (KHTML, like Gecko) Chrome/51.0.2704.103 Safari/537.36"
99.244.4.151 - - [02/Jul/2016:23:34:00 -0400] "GET /wp-includes/js/admin-bar.min.js?ver=4.5.3 HTTP/1.1" 200 2828 "http://www.chosensolutions.ca/web-development/" "Mozilla/5.0 (Windows NT 10.0; WOW64) AppleWebKit/537.36 (KHTML, like Gecko) Chrome/51.0.2704.103 Safari/537.36"
99.244.4.151 - - [02/Jul/2016:23:34:00 -0400] "GET /wp-content/plugins/contact-form-7/includes/js/jquery.form.min.js?ver=3.51.0-2014.06.20 HTTP/1.1" 200 6210 "http://www.chosensolutions.ca/web-development/" "Mozilla/5.0 (Windows NT 10.0; WOW64) AppleWebKit/537.36 (KHTML, like Gecko) Chrome/51.0.2704.103 Safari/537.36"
99.244.4.151 - - [02/Jul/2016:23:34:00 -0400] "GET /wp-content/plugins/contact-form-7/includes/js/scripts.js?ver=4.4.2 HTTP/1.1" 200 3567 "http://www.chosensolutions.ca/web-development/" "Mozilla/5.0 (Windows NT 10.0; WOW64) AppleWebKit/537.36 (KHTML, like Gecko) Chrome/51.0.2704.103 Safari/537.36"
99.244.4.151 - - [02/Jul/2016:23:34:00 -0400] "GET /?custom-css=1&csblog=1&cscache=6&csrev=57 HTTP/1.1" 200 1222 "http://www.chosensolutions.ca/web-development/" "Mozilla/5.0 (Windows NT 10.0; WOW64) AppleWebKit/537.36 (KHTML, like Gecko) Chrome/51.0.2704.103 Safari/537.36"
99.244.4.151 - - [02/Jul/2016:23:34:00 -0400] "GET /wp-content/plugins/magic-action-box/assets/js/ajax-form.js?ver=2.17.1 HTTP/1.1" 200 955 "http://www.chosensolutions.ca/web-development/" "Mozilla/5.0 (Windows NT 10.0; WOW64) AppleWebKit/537.36 (KHTML, like Gecko) Chrome/51.0.2704.103 Safari/537.36"
99.244.4.151 - - [02/Jul/2016:23:34:00 -0400] "GET /wp-content/plugins/jetpack/modules/wpgroho.js?ver=4.5.3 HTTP/1.1" 200 837 "http://www.chosensolutions.ca/web-development/" "Mozilla/5.0 (Windows NT 10.0; WOW64) AppleWebKit/537.36 (KHTML, like Gecko) Chrome/51.0.2704.103 Safari/537.36"
99.244.4.151 - - [02/Jul/2016:23:34:00 -0400] "GET /wp-content/themes/sydney/js/main.min.js?ver=4.5.3 HTTP/1.1" 200 2518 "http://www.chosensolutions.ca/web-development/" "Mozilla/5.0 (Windows NT 10.0; WOW64) AppleWebKit/537.36 (KHTML, like Gecko) Chrome/51.0.2704.103 Safari/537.36"
99.244.4.151 - - [02/Jul/2016:23:34:00 -0400] "GET /wp-content/themes/sydney/js/skip-link-focus-fix.js?ver=20130115 HTTP/1.1" 200 687 "http://www.chosensolutions.ca/web-development/" "Mozilla/5.0 (Windows NT 10.0; WOW64) AppleWebKit/537.36 (KHTML, like Gecko) Chrome/51.0.2704.103 Safari/537.36"
99.244.4.151 - - [02/Jul/2016:23:34:00 -0400] "GET /wp-content/themes/sydney/js/scripts.js?ver=4.5.3 HTTP/1.1" 200 29811 "http://www.chosensolutions.ca/web-development/" "Mozilla/5.0 (Windows NT 10.0; WOW64) AppleWebKit/537.36 (KHTML, like Gecko) Chrome/51.0.2704.103 Safari/537.36"
99.244.4.151 - - [02/Jul/2016:23:34:00 -0400] "GET /wp-content/plugins/magic-action-box/assets/js/responsive-videos.js?ver=2.17.1 HTTP/1.1" 200 767 "http://www.chosensolutions.ca/web-development/" "Mozilla/5.0 (Windows NT 10.0; WOW64) AppleWebKit/537.36 (KHTML, like Gecko) Chrome/51.0.2704.103 Safari/537.36"
99.244.4.151 - - [02/Jul/2016:23:34:00 -0400] "GET /wp-includes/js/wp-embed.min.js?ver=4.5.3 HTTP/1.1" 200 1098 "http://www.chosensolutions.ca/web-development/" "Mozilla/5.0 (Windows NT 10.0; WOW64) AppleWebKit/537.36 (KHTML, like Gecko) Chrome/51.0.2704.103 Safari/537.36"
99.244.4.151 - - [02/Jul/2016:23:34:00 -0400] "GET /wp-includes/js/underscore.min.js?ver=1.8.3 HTTP/1.1" 200 6172 "http://www.chosensolutions.ca/web-development/" "Mozilla/5.0 (Windows NT 10.0; WOW64) AppleWebKit/537.36 (KHTML, like Gecko) Chrome/51.0.2704.103 Safari/537.36"
99.244.4.151 - - [02/Jul/2016:23:34:00 -0400] "POST /wp-admin/admin-ajax.php?_widgets_nonce=917812f965 HTTP/1.1" 200 1316 "http://www.chosensolutions.ca/wp-admin/post.php?post=432&action=edit" "Mozilla/5.0 (Windows NT 10.0; WOW64) AppleWebKit/537.36 (KHTML, like Gecko) Chrome/51.0.2704.103 Safari/537.36"
99.244.4.151 - - [02/Jul/2016:23:34:00 -0400] "GET /wp-content/themes/sydney/fonts/fontawesome-webfont.woff2?v=4.5.0 HTTP/1.1" 304 181 "http://www.chosensolutions.ca/wp-content/themes/sydney/fonts/font-awesome.min.css?ver=4.5.3" "Mozilla/5.0 (Windows NT 10.0; WOW64) AppleWebKit/537.36 (KHTML, like Gecko) Chrome/51.0.2704.103 Safari/537.36"
99.244.4.151 - - [02/Jul/2016:23:34:00 -0400] "GET /wp-content/uploads/2016/06/logo-e1466912154998.png HTTP/1.1" 304 180 "http://www.chosensolutions.ca/web-development/" "Mozilla/5.0 (Windows NT 10.0; WOW64) AppleWebKit/537.36 (KHTML, like Gecko) Chrome/51.0.2704.103 Safari/537.36"
99.244.4.151 - - [02/Jul/2016:23:34:00 -0400] "GET /wp-content/uploads/2016/07/title-1024x169.png HTTP/1.1" 304 180 "http://www.chosensolutions.ca/web-development/" "Mozilla/5.0 (Windows NT 10.0; WOW64) AppleWebKit/537.36 (KHTML, like Gecko) Chrome/51.0.2704.103 Safari/537.36"
99.244.4.151 - - [02/Jul/2016:23:34:00 -0400] "GET /wp-content/uploads/2016/07/develop_code.png HTTP/1.1" 304 180 "http://www.chosensolutions.ca/web-development/" "Mozilla/5.0 (Windows NT 10.0; WOW64) AppleWebKit/537.36 (KHTML, like Gecko) Chrome/51.0.2704.103 Safari/537.36"
99.244.4.151 - - [02/Jul/2016:23:34:00 -0400] "GET /wp-includes/js/backbone.min.js?ver=1.2.3 HTTP/1.1" 200 7811 "http://www.chosensolutions.ca/web-development/" "Mozilla/5.0 (Windows NT 10.0; WOW64) AppleWebKit/537.36 (KHTML, like Gecko) Chrome/51.0.2704.103 Safari/537.36"
99.244.4.151 - - [02/Jul/2016:23:34:00 -0400] "GET /wp-includes/js/wp-emoji-release.min.js?ver=4.5.3 HTTP/1.1" 200 4080 "http://www.chosensolutions.ca/web-development/" "Mozilla/5.0 (Windows NT 10.0; WOW64) AppleWebKit/537.36 (KHTML, like Gecko) Chrome/51.0.2704.103 Safari/537.36"
99.244.4.151 - - [02/Jul/2016:23:34:00 -0400] "GET /wp-content/plugins/mailchimp-for-wp/assets/js/forms-api.min.js?ver=3.1.10 HTTP/1.1" 200 5268 "http://www.chosensolutions.ca/web-development/" "Mozilla/5.0 (Windows NT 10.0; WOW64) AppleWebKit/537.36 (KHTML, like Gecko) Chrome/51.0.2704.103 Safari/537.36"
99.244.4.151 - - [02/Jul/2016:23:33:58 -0400] "POST /wp-admin/post.php HTTP/1.1" 302 578 "http://www.chosensolutions.ca/wp-admin/post.php?post=432&action=edit" "Mozilla/5.0 (Windows NT 10.0; WOW64) AppleWebKit/537.36 (KHTML, like Gecko) Chrome/51.0.2704.103 Safari/537.36"
99.244.4.151 - - [02/Jul/2016:23:34:00 -0400] "GET /wp-content/uploads/2016/07/test2-1.png HTTP/1.1" 200 425551 "http://www.chosensolutions.ca/web-development/" "Mozilla/5.0 (Windows NT 10.0; WOW64) AppleWebKit/537.36 (KHTML, like Gecko) Chrome/51.0.2704.103 Safari/537.36"
99.244.4.151 - - [02/Jul/2016:23:34:00 -0400] "GET /wp-admin/admin-ajax.php?action=oembed-cache&post=432 HTTP/1.1" 200 435 "http://www.chosensolutions.ca/wp-admin/post.php?post=432&action=edit" "Mozilla/5.0 (Windows NT 10.0; WOW64) AppleWebKit/537.36 (KHTML, like Gecko) Chrome/51.0.2704.103 Safari/537.36"
99.244.4.151 - - [02/Jul/2016:23:34:00 -0400] "GET /wp-admin/admin.php?page=stats&noheader&proxy&chart=admin-bar-hours-scale HTTP/1.1" 200 804 "http://www.chosensolutions.ca/web-development/" "Mozilla/5.0 (Windows NT 10.0; WOW64) AppleWebKit/537.36 (KHTML, like Gecko) Chrome/51.0.2704.103 Safari/537.36"
99.244.4.151 - - [02/Jul/2016:23:34:02 -0400] "GET /wp-content/uploads/2016/06/favicon-e1466912281103.png HTTP/1.1" 200 9671 "http://www.chosensolutions.ca/web-development/" "Mozilla/5.0 (Windows NT 10.0; WOW64) AppleWebKit/537.36 (KHTML, like Gecko) Chrome/51.0.2704.103 Safari/537.36"
::1 - - [02/Jul/2016:23:34:09 -0400] "OPTIONS * HTTP/1.0" 200 125 "-" "Apache/2.4.7 (Ubuntu) PHP/5.5.9-1ubuntu4.17 (internal dummy connection)"
99.244.4.151 - - [02/Jul/2016:23:36:01 -0400] "POST /wp-admin/admin-ajax.php HTTP/1.1" 200 641 "http://www.chosensolutions.ca/wp-admin/post.php?post=432&action=edit" "Mozilla/5.0 (Windows NT 10.0; WOW64) AppleWebKit/537.36 (KHTML, like Gecko) Chrome/51.0.2704.103 Safari/537.36"
159.203.35.33 - - [02/Jul/2016:23:38:02 -0400] "GET /sitemap_index.xml HTTP/1.0" 404 22822 "-" "WordPress/4.5.3; http://www.chosensolutions.ca"
159.203.35.33 - - [02/Jul/2016:23:38:02 -0400] "POST /wp-cron.php?doing_wp_cron=1467517082.1094939708709716796875 HTTP/1.0" 200 356 "-" "WordPress/4.5.3; http://www.chosensolutions.ca"
99.244.4.151 - - [02/Jul/2016:23:38:01 -0400] "POST /wp-admin/admin-ajax.php HTTP/1.1" 200 641 "http://www.chosensolutions.ca/wp-admin/post.php?post=432&action=edit" "Mozilla/5.0 (Windows NT 10.0; WOW64) AppleWebKit/537.36 (KHTML, like Gecko) Chrome/51.0.2704.103 Safari/537.36"
66.249.66.141 - - [02/Jul/2016:23:38:03 -0400] "GET /sitemap_index.xml HTTP/1.1" 404 22900 "-" "Mozilla/5.0 (compatible; Googlebot/2.1; +http://www.google.com/bot.html)"
99.244.4.151 - - [02/Jul/2016:23:40:02 -0400] "POST /wp-admin/admin-ajax.php HTTP/1.1" 200 641 "http://www.chosensolutions.ca/wp-admin/post.php?post=432&action=edit" "Mozilla/5.0 (Windows NT 10.0; WOW64) AppleWebKit/537.36 (KHTML, like Gecko) Chrome/51.0.2704.103 Safari/537.36"
99.244.4.151 - - [02/Jul/2016:23:40:50 -0400] "GET /about HTTP/1.1" 301 441 "http://www.chosensolutions.ca/web-development/" "Mozilla/5.0 (Windows NT 10.0; WOW64) AppleWebKit/537.36 (KHTML, like Gecko) Chrome/51.0.2704.103 Safari/537.36"
99.244.4.151 - - [02/Jul/2016:23:40:50 -0400] "GET /about/ HTTP/1.1" 200 14261 "http://www.chosensolutions.ca/web-development/" "Mozilla/5.0 (Windows NT 10.0; WOW64) AppleWebKit/537.36 (KHTML, like Gecko) Chrome/51.0.2704.103 Safari/537.36"
99.244.4.151 - - [02/Jul/2016:23:40:51 -0400] "GET /wp-content/uploads/2016/06/5568871-460x400.jpg HTTP/1.1" 200 22139 "http://www.chosensolutions.ca/about/" "Mozilla/5.0 (Windows NT 10.0; WOW64) AppleWebKit/537.36 (KHTML, like Gecko) Chrome/51.0.2704.103 Safari/537.36"
99.244.4.151 - - [02/Jul/2016:23:40:51 -0400] "GET /wp-content/uploads/2016/06/4117654-400x400.jpg HTTP/1.1" 200 25773 "http://www.chosensolutions.ca/about/" "Mozilla/5.0 (Windows NT 10.0; WOW64) AppleWebKit/537.36 (KHTML, like Gecko) Chrome/51.0.2704.103 Safari/537.36"
99.244.4.151 - - [02/Jul/2016:23:40:51 -0400] "GET /wp-content/uploads/2016/06/226e3c2-450x400.jpg HTTP/1.1" 200 15126 "http://www.chosensolutions.ca/about/" "Mozilla/5.0 (Windows NT 10.0; WOW64) AppleWebKit/537.36 (KHTML, like Gecko) Chrome/51.0.2704.103 Safari/537.36"
99.244.4.151 - - [02/Jul/2016:23:40:51 -0400] "GET /wp-content/uploads/2016/06/AAEAAQAAAAAAAAdcAAAAJDg5M2JkY2Y2LTNmNWMtNGU0Zi05MGNhLTNhNzI0NjVkMGVmYg-e1467341446918.jpg HTTP/1.1" 200 11612 "http://www.chosensolutions.ca/about/" "Mozilla/5.0 (Windows NT 10.0; WOW64) AppleWebKit/537.36 (KHTML, like Gecko) Chrome/51.0.2704.103 Safari/537.36"
99.244.4.151 - - [02/Jul/2016:23:40:51 -0400] "GET /wp-admin/admin.php?page=stats&noheader&proxy&chart=admin-bar-hours-scale HTTP/1.1" 200 804 "http://www.chosensolutions.ca/about/" "Mozilla/5.0 (Windows NT 10.0; WOW64) AppleWebKit/537.36 (KHTML, like Gecko) Chrome/51.0.2704.103 Safari/537.36"
99.244.4.151 - - [02/Jul/2016:23:41:35 -0400] "GET /design/ HTTP/1.1" 200 13509 "http://www.chosensolutions.ca/about/" "Mozilla/5.0 (Windows NT 10.0; WOW64) AppleWebKit/537.36 (KHTML, like Gecko) Chrome/51.0.2704.103 Safari/537.36"
99.244.4.151 - - [02/Jul/2016:23:41:35 -0400] "GET /wp-content/uploads/siteorigin-widgets/sow-image-default-1c389ca87c1a.css?ver=4.5.3 HTTP/1.1" 200 486 "http://www.chosensolutions.ca/design/" "Mozilla/5.0 (Windows NT 10.0; WOW64) AppleWebKit/537.36 (KHTML, like Gecko) Chrome/51.0.2704.103 Safari/537.36"
99.244.4.151 - - [02/Jul/2016:23:41:36 -0400] "GET /wp-admin/admin.php?page=stats&noheader&proxy&chart=admin-bar-hours-scale HTTP/1.1" 200 804 "http://www.chosensolutions.ca/design/" "Mozilla/5.0 (Windows NT 10.0; WOW64) AppleWebKit/537.36 (KHTML, like Gecko) Chrome/51.0.2704.103 Safari/537.36"
99.244.4.151 - - [02/Jul/2016:23:42:03 -0400] "POST /wp-admin/admin-ajax.php HTTP/1.1" 200 641 "http://www.chosensolutions.ca/wp-admin/post.php?post=432&action=edit" "Mozilla/5.0 (Windows NT 10.0; WOW64) AppleWebKit/537.36 (KHTML, like Gecko) Chrome/51.0.2704.103 Safari/537.36"
99.244.4.151 - - [02/Jul/2016:23:42:16 -0400] "GET /about HTTP/1.1" 301 441 "http://www.chosensolutions.ca/design/" "Mozilla/5.0 (Windows NT 10.0; WOW64) AppleWebKit/537.36 (KHTML, like Gecko) Chrome/51.0.2704.103 Safari/537.36"
99.244.4.151 - - [02/Jul/2016:23:42:17 -0400] "GET /about/ HTTP/1.1" 200 14143 "http://www.chosensolutions.ca/design/" "Mozilla/5.0 (Windows NT 10.0; WOW64) AppleWebKit/537.36 (KHTML, like Gecko) Chrome/51.0.2704.103 Safari/537.36"
99.244.4.151 - - [02/Jul/2016:23:42:17 -0400] "GET /wp-admin/admin.php?page=stats&noheader&proxy&chart=admin-bar-hours-scale HTTP/1.1" 200 804 "http://www.chosensolutions.ca/about/" "Mozilla/5.0 (Windows NT 10.0; WOW64) AppleWebKit/537.36 (KHTML, like Gecko) Chrome/51.0.2704.103 Safari/537.36"
159.203.35.33 - - [02/Jul/2016:23:43:22 -0400] "POST /wp-cron.php?doing_wp_cron=1467517402.1127929687500000000000 HTTP/1.0" 200 356 "-" "WordPress/4.5.3; http://www.chosensolutions.ca"
99.244.4.151 - - [02/Jul/2016:23:43:21 -0400] "POST /wp-admin/admin-ajax.php HTTP/1.1" 200 641 "http://www.chosensolutions.ca/wp-admin/post.php?post=432&action=edit" "Mozilla/5.0 (Windows NT 10.0; WOW64) AppleWebKit/537.36 (KHTML, like Gecko) Chrome/51.0.2704.103 Safari/537.36"
99.244.4.151 - - [02/Jul/2016:23:43:37 -0400] "POST /wp-admin/admin-ajax.php HTTP/1.1" 200 641 "http://www.chosensolutions.ca/wp-admin/post.php?post=432&action=edit" "Mozilla/5.0 (Windows NT 10.0; WOW64) AppleWebKit/537.36 (KHTML, like Gecko) Chrome/51.0.2704.103 Safari/537.36"
99.244.4.151 - - [02/Jul/2016:23:45:38 -0400] "POST /wp-admin/admin-ajax.php HTTP/1.1" 200 641 "http://www.chosensolutions.ca/wp-admin/post.php?post=432&action=edit" "Mozilla/5.0 (Windows NT 10.0; WOW64) AppleWebKit/537.36 (KHTML, like Gecko) Chrome/51.0.2704.103 Safari/537.36"
37.26.128.179 - - [02/Jul/2016:23:46:03 -0400] "CONNECT 78.46.170.90:80 HTTP/1.1" 404 26701 "-" "Mozilla/5.0 (Windows NT 6.1; WOW64) AppleWebKit/537.36 (KHTML, like Gecko) Chrome/49.0.2623.112 Safari/537.36"
37.26.128.179 - - [02/Jul/2016:23:46:03 -0400] "CONNECT 50na50.net:80 HTTP/1.1" 404 26701 "-" "Mozilla/5.0 (Windows NT 6.1; WOW64) AppleWebKit/537.36 (KHTML, like Gecko) Chrome/49.0.2623.112 Safari/537.36"
37.26.128.179 - - [02/Jul/2016:23:46:04 -0400] "CONNECT 78.46.170.90:80 HTTP/1.1" 404 26701 "-" "Mozilla/5.0 (Windows NT 6.1; WOW64) AppleWebKit/537.36 (KHTML, like Gecko) Chrome/49.0.2623.112 Safari/537.36"
37.26.128.179 - - [02/Jul/2016:23:46:04 -0400] "CONNECT 78.46.170.90:80 HTTP/1.1" 404 26701 "-" "Mozilla/5.0 (Windows NT 6.1; WOW64) AppleWebKit/537.36 (KHTML, like Gecko) Chrome/49.0.2623.112 Safari/537.36"
37.26.128.179 - - [02/Jul/2016:23:46:05 -0400] "GET http://50na50.net/myiphd.php?rnd=82a51e245cbc70cdedbcc74be165373a&rn=146751760002783 HTTP/1.1" 301 448 "-" "Mozilla/5.0 (Windows NT 6.1; WOW64) AppleWebKit/537.36 (KHTML, like Gecko) Chrome/49.0.2623.112 Safari/537.36"
37.26.128.179 - - [02/Jul/2016:23:46:05 -0400] "GET http://50na50.nethttp/50na50.net/myiphd.php?rnd=82a51e245cbc70cdedbcc74be165373a&rn=146751760002783 HTTP/1.1" 301 467 "-" "Mozilla/5.0 (Windows NT 6.1; WOW64) AppleWebKit/537.36 (KHTML, like Gecko) Chrome/49.0.2623.112 Safari/537.36"
37.26.128.179 - - [02/Jul/2016:23:46:05 -0400] "GET http://50na50.nethttphttp/50na50.nethttp/50na50.net/myiphd.php?rnd=82a51e245cbc70cdedbcc74be165373a&rn=146751760002783 HTTP/1.1" 301 490 "-" "Mozilla/5.0 (Windows NT 6.1; WOW64) AppleWebKit/537.36 (KHTML, like Gecko) Chrome/49.0.2623.112 Safari/537.36"
37.26.128.179 - - [02/Jul/2016:23:46:06 -0400] "GET http://hideface.tk/myiphc.php?rnd=82a51e245cbc70cdedbcc74be165373a&rn=146751760102926 HTTP/1.1" 301 450 "-" "Mozilla/5.0 (Windows NT 6.1; WOW64) AppleWebKit/537.36 (KHTML, like Gecko) Chrome/49.0.2623.112 Safari/537.36"
37.26.128.179 - - [02/Jul/2016:23:46:06 -0400] "GET http://hideface.tkhttp/hideface.tk/myiphc.php?rnd=82a51e245cbc70cdedbcc74be165373a&rn=146751760102926 HTTP/1.1" 301 470 "-" "Mozilla/5.0 (Windows NT 6.1; WOW64) AppleWebKit/537.36 (KHTML, like Gecko) Chrome/49.0.2623.112 Safari/537.36"
37.26.128.179 - - [02/Jul/2016:23:46:06 -0400] "GET http://hideface.tkhttphttp/hideface.tkhttp/hideface.tk/myiphc.php?rnd=82a51e245cbc70cdedbcc74be165373a&rn=146751760102926 HTTP/1.1" 301 494 "-" "Mozilla/5.0 (Windows NT 6.1; WOW64) AppleWebKit/537.36 (KHTML, like Gecko) Chrome/49.0.2623.112 Safari/537.36"
37.26.128.179 - - [02/Jul/2016:23:46:06 -0400] "GET http://50na50.net/myiphb.php?rnd=82a51e245cbc70cdedbcc74be165373a&rn=146751760184071 HTTP/1.1" 301 448 "-" "Mozilla/5.0 (Windows NT 6.1; WOW64) AppleWebKit/537.36 (KHTML, like Gecko) Chrome/49.0.2623.112 Safari/537.36"
37.26.128.179 - - [02/Jul/2016:23:46:07 -0400] "GET http://50na50.nethttp/50na50.net/myiphb.php?rnd=82a51e245cbc70cdedbcc74be165373a&rn=146751760184071 HTTP/1.1" 301 467 "-" "Mozilla/5.0 (Windows NT 6.1; WOW64) AppleWebKit/537.36 (KHTML, like Gecko) Chrome/49.0.2623.112 Safari/537.36"
37.26.128.179 - - [02/Jul/2016:23:46:07 -0400] "GET http://50na50.nethttphttp/50na50.nethttp/50na50.net/myiphb.php?rnd=82a51e245cbc70cdedbcc74be165373a&rn=146751760184071 HTTP/1.1" 301 490 "-" "Mozilla/5.0 (Windows NT 6.1; WOW64) AppleWebKit/537.36 (KHTML, like Gecko) Chrome/49.0.2623.112 Safari/537.36"
37.26.128.179 - - [02/Jul/2016:23:46:07 -0400] "GET http://hideface.tk/myiphd.php?rnd=82a51e245cbc70cdedbcc74be165373a&rn=146751760266925 HTTP/1.1" 301 450 "-" "Mozilla/5.0 (Windows NT 6.1; WOW64) AppleWebKit/537.36 (KHTML, like Gecko) Chrome/49.0.2623.112 Safari/537.36"
37.26.128.179 - - [02/Jul/2016:23:46:07 -0400] "GET http://hideface.tkhttp/hideface.tk/myiphd.php?rnd=82a51e245cbc70cdedbcc74be165373a&rn=146751760266925 HTTP/1.1" 301 470 "-" "Mozilla/5.0 (Windows NT 6.1; WOW64) AppleWebKit/537.36 (KHTML, like Gecko) Chrome/49.0.2623.112 Safari/537.36"
37.26.128.179 - - [02/Jul/2016:23:46:08 -0400] "GET http://hideface.tkhttphttp/hideface.tkhttp/hideface.tk/myiphd.php?rnd=82a51e245cbc70cdedbcc74be165373a&rn=146751760266925 HTTP/1.1" 301 494 "-" "Mozilla/5.0 (Windows NT 6.1; WOW64) AppleWebKit/537.36 (KHTML, like Gecko) Chrome/49.0.2623.112 Safari/537.36"
99.244.4.151 - - [02/Jul/2016:23:47:40 -0400] "POST /wp-admin/admin-ajax.php HTTP/1.1" 200 641 "http://www.chosensolutions.ca/wp-admin/post.php?post=432&action=edit" "Mozilla/5.0 (Windows NT 10.0; WOW64) AppleWebKit/537.36 (KHTML, like Gecko) Chrome/51.0.2704.103 Safari/537.36"
159.203.35.33 - - [02/Jul/2016:23:49:41 -0400] "POST /wp-cron.php?doing_wp_cron=1467517781.0985360145568847656250 HTTP/1.0" 200 356 "-" "WordPress/4.5.3; http://www.chosensolutions.ca"
99.244.4.151 - - [02/Jul/2016:23:49:40 -0400] "POST /wp-admin/admin-ajax.php HTTP/1.1" 200 641 "http://www.chosensolutions.ca/wp-admin/post.php?post=432&action=edit" "Mozilla/5.0 (Windows NT 10.0; WOW64) AppleWebKit/537.36 (KHTML, like Gecko) Chrome/51.0.2704.103 Safari/537.36"
99.244.4.151 - - [02/Jul/2016:23:51:42 -0400] "POST /wp-admin/admin-ajax.php HTTP/1.1" 200 641 "http://www.chosensolutions.ca/wp-admin/post.php?post=432&action=edit" "Mozilla/5.0 (Windows NT 10.0; WOW64) AppleWebKit/537.36 (KHTML, like Gecko) Chrome/51.0.2704.103 Safari/537.36"
159.203.35.33 - - [02/Jul/2016:23:53:42 -0400] "POST /wp-cron.php?doing_wp_cron=1467518022.1406381130218505859375 HTTP/1.0" 200 356 "-" "WordPress/4.5.3; http://www.chosensolutions.ca"
99.244.4.151 - - [02/Jul/2016:23:53:42 -0400] "POST /wp-admin/admin-ajax.php HTTP/1.1" 200 641 "http://www.chosensolutions.ca/wp-admin/post.php?post=432&action=edit" "Mozilla/5.0 (Windows NT 10.0; WOW64) AppleWebKit/537.36 (KHTML, like Gecko) Chrome/51.0.2704.103 Safari/537.36"
159.203.35.33 - - [02/Jul/2016:23:59:59 -0400] "POST /wp-cron.php?doing_wp_cron=1467518399.2501571178436279296875 HTTP/1.0" 200 356 "-" "WordPress/4.5.3; http://www.chosensolutions.ca"
99.244.4.151 - - [02/Jul/2016:23:59:59 -0400] "POST /wp-admin/admin-ajax.php HTTP/1.1" 200 641 "http://www.chosensolutions.ca/wp-admin/post.php?post=432&action=edit" "Mozilla/5.0 (Windows NT 10.0; WOW64) AppleWebKit/537.36 (KHTML, like Gecko) Chrome/51.0.2704.103 Safari/537.36"
99.244.4.151 - - [03/Jul/2016:00:00:02 -0400] "POST /wp-admin/admin-ajax.php HTTP/1.1" 200 535 "http://www.chosensolutions.ca/wp-admin/post.php?post=432&action=edit" "Mozilla/5.0 (Windows NT 10.0; WOW64) AppleWebKit/537.36 (KHTML, like Gecko) Chrome/51.0.2704.103 Safari/537.36"
66.249.66.137 - - [03/Jul/2016:00:00:47 -0400] "GET /wp-content/uploads/2016/06/develop_code-768x324.png HTTP/1.1" 404 26757 "-" "Googlebot-Image/1.0"
66.249.66.141 - - [03/Jul/2016:00:00:59 -0400] "GET /wp-content/uploads/2016/06/deploy-768x350.png HTTP/1.1" 404 26757 "-" "Googlebot-Image/1.0"
66.249.66.137 - - [03/Jul/2016:00:01:15 -0400] "GET /wp-content/uploads/2016/06/realize-768x412.png HTTP/1.1" 404 26757 "-" "Googlebot-Image/1.0"
159.203.35.33 - - [03/Jul/2016:00:15:00 -0400] "POST /wp-cron.php?doing_wp_cron=1467519299.8945779800415039062500 HTTP/1.0" 200 356 "-" "WordPress/4.5.3; http://www.chosensolutions.ca"
66.249.66.137 - - [03/Jul/2016:00:14:59 -0400] "GET /wp-content/uploads/2016/06/support-1-830x301.png HTTP/1.1" 404 26757 "-" "Googlebot-Image/1.0"
159.203.35.33 - - [03/Jul/2016:01:24:25 -0400] "POST /wp-cron.php?doing_wp_cron=1467523465.4773819446563720703125 HTTP/1.0" 200 356 "-" "WordPress/4.5.3; http://www.chosensolutions.ca"
174.113.190.94 - - [03/Jul/2016:01:24:25 -0400] "GET / HTTP/1.1" 200 10853 "-" "Mozilla/5.0 (Windows NT 10.0; WOW64) AppleWebKit/537.36 (KHTML, like Gecko) Chrome/51.0.2704.103 Safari/537.36"
174.113.190.94 - - [03/Jul/2016:01:24:26 -0400] "GET /wp-content/plugins/siteorigin-panels/css/front.css?ver=2.4.9 HTTP/1.1" 200 568 "http://www.chosensolutions.ca/" "Mozilla/5.0 (Windows NT 10.0; WOW64) AppleWebKit/537.36 (KHTML, like Gecko) Chrome/51.0.2704.103 Safari/537.36"
174.113.190.94 - - [03/Jul/2016:01:24:26 -0400] "GET /wp-content/plugins/contact-form-7/includes/css/styles.css?ver=4.4.2 HTTP/1.1" 200 804 "http://www.chosensolutions.ca/" "Mozilla/5.0 (Windows NT 10.0; WOW64) AppleWebKit/537.36 (KHTML, like Gecko) Chrome/51.0.2704.103 Safari/537.36"
174.113.190.94 - - [03/Jul/2016:01:24:26 -0400] "GET /wp-content/themes/sydney/css/bootstrap/bootstrap.min.css?ver=1 HTTP/1.1" 200 4738 "http://www.chosensolutions.ca/" "Mozilla/5.0 (Windows NT 10.0; WOW64) AppleWebKit/537.36 (KHTML, like Gecko) Chrome/51.0.2704.103 Safari/537.36"
174.113.190.94 - - [03/Jul/2016:01:24:26 -0400] "GET /wp-content/plugins/optin-forms/css/optinforms.css?ver=4.5.3 HTTP/1.1" 200 1951 "http://www.chosensolutions.ca/" "Mozilla/5.0 (Windows NT 10.0; WOW64) AppleWebKit/537.36 (KHTML, like Gecko) Chrome/51.0.2704.103 Safari/537.36"
174.113.190.94 - - [03/Jul/2016:01:24:26 -0400] "GET /wp-content/themes/sydney/fonts/font-awesome.min.css?ver=4.5.3 HTTP/1.1" 200 6580 "http://www.chosensolutions.ca/" "Mozilla/5.0 (Windows NT 10.0; WOW64) AppleWebKit/537.36 (KHTML, like Gecko) Chrome/51.0.2704.103 Safari/537.36"
174.113.190.94 - - [03/Jul/2016:01:24:26 -0400] "GET /wp-content/uploads/siteorigin-widgets/sow-image-default-1c389ca87c1a.css?ver=4.5.3 HTTP/1.1" 200 486 "http://www.chosensolutions.ca/" "Mozilla/5.0 (Windows NT 10.0; WOW64) AppleWebKit/537.36 (KHTML, like Gecko) Chrome/51.0.2704.103 Safari/537.36"
174.113.190.94 - - [03/Jul/2016:01:24:26 -0400] "GET /wp-content/themes/sydney/style.css?ver=4.5.3 HTTP/1.1" 200 12759 "http://www.chosensolutions.ca/" "Mozilla/5.0 (Windows NT 10.0; WOW64) AppleWebKit/537.36 (KHTML, like Gecko) Chrome/51.0.2704.103 Safari/537.36"
174.113.190.94 - - [03/Jul/2016:01:24:26 -0400] "GET /wp-includes/js/jquery/jquery-migrate.min.js?ver=1.4.1 HTTP/1.1" 200 4364 "http://www.chosensolutions.ca/" "Mozilla/5.0 (Windows NT 10.0; WOW64) AppleWebKit/537.36 (KHTML, like Gecko) Chrome/51.0.2704.103 Safari/537.36"
174.113.190.94 - - [03/Jul/2016:01:24:26 -0400] "GET /wp-content/plugins/optin-forms/js/placeholder.js?ver=4.5.3 HTTP/1.1" 200 1652 "http://www.chosensolutions.ca/" "Mozilla/5.0 (Windows NT 10.0; WOW64) AppleWebKit/537.36 (KHTML, like Gecko) Chrome/51.0.2704.103 Safari/537.36"
174.113.190.94 - - [03/Jul/2016:01:24:26 -0400] "GET /wp-content/plugins/magic-action-box/assets/js/actionbox-helper.js?ver=2.17.1 HTTP/1.1" 200 576 "http://www.chosensolutions.ca/" "Mozilla/5.0 (Windows NT 10.0; WOW64) AppleWebKit/537.36 (KHTML, like Gecko) Chrome/51.0.2704.103 Safari/537.36"
174.113.190.94 - - [03/Jul/2016:01:24:26 -0400] "GET /wp-content/plugins/siteorigin-panels/js/styling-24.min.js?ver=2.4.9 HTTP/1.1" 200 768 "http://www.chosensolutions.ca/" "Mozilla/5.0 (Windows NT 10.0; WOW64) AppleWebKit/537.36 (KHTML, like Gecko) Chrome/51.0.2704.103 Safari/537.36"
174.113.190.94 - - [03/Jul/2016:01:24:26 -0400] "GET /wp-content/plugins/jetpack/css/jetpack.css?ver=4.0.4 HTTP/1.1" 200 10300 "http://www.chosensolutions.ca/" "Mozilla/5.0 (Windows NT 10.0; WOW64) AppleWebKit/537.36 (KHTML, like Gecko) Chrome/51.0.2704.103 Safari/537.36"
174.113.190.94 - - [03/Jul/2016:01:24:26 -0400] "GET /wp-includes/js/jquery/jquery.js?ver=1.12.4 HTTP/1.1" 200 34118 "http://www.chosensolutions.ca/" "Mozilla/5.0 (Windows NT 10.0; WOW64) AppleWebKit/537.36 (KHTML, like Gecko) Chrome/51.0.2704.103 Safari/537.36"
174.113.190.94 - - [03/Jul/2016:01:24:26 -0400] "GET /wp-content/uploads/2016/06/logo-e1466912154998.png HTTP/1.1" 304 180 "http://www.chosensolutions.ca/" "Mozilla/5.0 (Windows NT 10.0; WOW64) AppleWebKit/537.36 (KHTML, like Gecko) Chrome/51.0.2704.103 Safari/537.36"
174.113.190.94 - - [03/Jul/2016:01:24:26 -0400] "GET /wp-content/plugins/contact-form-7/includes/js/jquery.form.min.js?ver=3.51.0-2014.06.20 HTTP/1.1" 200 6210 "http://www.chosensolutions.ca/" "Mozilla/5.0 (Windows NT 10.0; WOW64) AppleWebKit/537.36 (KHTML, like Gecko) Chrome/51.0.2704.103 Safari/537.36"
174.113.190.94 - - [03/Jul/2016:01:24:26 -0400] "GET /wp-content/plugins/contact-form-7/includes/js/scripts.js?ver=4.4.2 HTTP/1.1" 200 3567 "http://www.chosensolutions.ca/" "Mozilla/5.0 (Windows NT 10.0; WOW64) AppleWebKit/537.36 (KHTML, like Gecko) Chrome/51.0.2704.103 Safari/537.36"
174.113.190.94 - - [03/Jul/2016:01:24:26 -0400] "GET /wp-content/plugins/magic-action-box/assets/js/ajax-form.js?ver=2.17.1 HTTP/1.1" 200 955 "http://www.chosensolutions.ca/" "Mozilla/5.0 (Windows NT 10.0; WOW64) AppleWebKit/537.36 (KHTML, like Gecko) Chrome/51.0.2704.103 Safari/537.36"
174.113.190.94 - - [03/Jul/2016:01:24:26 -0400] "GET /wp-content/plugins/jetpack/modules/wpgroho.js?ver=4.5.3 HTTP/1.1" 200 837 "http://www.chosensolutions.ca/" "Mozilla/5.0 (Windows NT 10.0; WOW64) AppleWebKit/537.36 (KHTML, like Gecko) Chrome/51.0.2704.103 Safari/537.36"
174.113.190.94 - - [03/Jul/2016:01:24:26 -0400] "GET /wp-content/themes/sydney/js/skip-link-focus-fix.js?ver=20130115 HTTP/1.1" 200 687 "http://www.chosensolutions.ca/" "Mozilla/5.0 (Windows NT 10.0; WOW64) AppleWebKit/537.36 (KHTML, like Gecko) Chrome/51.0.2704.103 Safari/537.36"
174.113.190.94 - - [03/Jul/2016:01:24:26 -0400] "GET /wp-content/plugins/magic-action-box/assets/js/responsive-videos.js?ver=2.17.1 HTTP/1.1" 200 767 "http://www.chosensolutions.ca/" "Mozilla/5.0 (Windows NT 10.0; WOW64) AppleWebKit/537.36 (KHTML, like Gecko) Chrome/51.0.2704.103 Safari/537.36"
174.113.190.94 - - [03/Jul/2016:01:24:26 -0400] "GET /wp-content/themes/sydney/js/main.min.js?ver=4.5.3 HTTP/1.1" 200 2518 "http://www.chosensolutions.ca/" "Mozilla/5.0 (Windows NT 10.0; WOW64) AppleWebKit/537.36 (KHTML, like Gecko) Chrome/51.0.2704.103 Safari/537.36"
174.113.190.94 - - [03/Jul/2016:01:24:26 -0400] "GET /wp-includes/js/wp-embed.min.js?ver=4.5.3 HTTP/1.1" 200 1098 "http://www.chosensolutions.ca/" "Mozilla/5.0 (Windows NT 10.0; WOW64) AppleWebKit/537.36 (KHTML, like Gecko) Chrome/51.0.2704.103 Safari/537.36"
174.113.190.94 - - [03/Jul/2016:01:24:26 -0400] "GET /wp-content/plugins/mailchimp-for-wp/assets/js/forms-api.min.js?ver=3.1.10 HTTP/1.1" 200 5268 "http://www.chosensolutions.ca/" "Mozilla/5.0 (Windows NT 10.0; WOW64) AppleWebKit/537.36 (KHTML, like Gecko) Chrome/51.0.2704.103 Safari/537.36"
174.113.190.94 - - [03/Jul/2016:01:24:26 -0400] "GET /wp-content/themes/sydney/js/scripts.js?ver=4.5.3 HTTP/1.1" 200 29811 "http://www.chosensolutions.ca/" "Mozilla/5.0 (Windows NT 10.0; WOW64) AppleWebKit/537.36 (KHTML, like Gecko) Chrome/51.0.2704.103 Safari/537.36"
174.113.190.94 - - [03/Jul/2016:01:24:26 -0400] "GET /wp-content/uploads/2016/06/clients.png HTTP/1.1" 304 180 "http://www.chosensolutions.ca/" "Mozilla/5.0 (Windows NT 10.0; WOW64) AppleWebKit/537.36 (KHTML, like Gecko) Chrome/51.0.2704.103 Safari/537.36"
174.113.190.94 - - [03/Jul/2016:01:24:26 -0400] "GET /wp-includes/js/wp-emoji-release.min.js?ver=4.5.3 HTTP/1.1" 200 4080 "http://www.chosensolutions.ca/" "Mozilla/5.0 (Windows NT 10.0; WOW64) AppleWebKit/537.36 (KHTML, like Gecko) Chrome/51.0.2704.103 Safari/537.36"
174.113.190.94 - - [03/Jul/2016:01:24:26 -0400] "GET /wp-content/uploads/2016/06/background.jpg HTTP/1.1" 304 181 "http://www.chosensolutions.ca/" "Mozilla/5.0 (Windows NT 10.0; WOW64) AppleWebKit/537.36 (KHTML, like Gecko) Chrome/51.0.2704.103 Safari/537.36"
174.113.190.94 - - [03/Jul/2016:01:24:26 -0400] "GET /wp-content/themes/sydney/fonts/fontawesome-webfont.woff2?v=4.5.0 HTTP/1.1" 304 181 "http://www.chosensolutions.ca/wp-content/themes/sydney/fonts/font-awesome.min.css?ver=4.5.3" "Mozilla/5.0 (Windows NT 10.0; WOW64) AppleWebKit/537.36 (KHTML, like Gecko) Chrome/51.0.2704.103 Safari/537.36"
174.113.190.94 - - [03/Jul/2016:01:24:26 -0400] "GET /wp-content/uploads/2016/06/fireworks-2.jpg HTTP/1.1" 304 181 "http://www.chosensolutions.ca/" "Mozilla/5.0 (Windows NT 10.0; WOW64) AppleWebKit/537.36 (KHTML, like Gecko) Chrome/51.0.2704.103 Safari/537.36"
::1 - - [03/Jul/2016:01:24:34 -0400] "OPTIONS * HTTP/1.0" 200 125 "-" "Apache/2.4.7 (Ubuntu) PHP/5.5.9-1ubuntu4.17 (internal dummy connection)"
174.113.190.94 - - [03/Jul/2016:01:25:03 -0400] "GET / HTTP/1.1" 200 10733 "https://www.google.ca/" "Mozilla/5.0 (Windows NT 10.0; WOW64) AppleWebKit/537.36 (KHTML, like Gecko) Chrome/51.0.2704.103 Safari/537.36"
69.171.230.118 - - [03/Jul/2016:01:25:33 -0400] "GET / HTTP/1.1" 200 10825 "-" "facebookexternalhit/1.1 (+http://www.facebook.com/externalhit_uatext.php)"
69.171.230.112 - - [03/Jul/2016:01:25:33 -0400] "GET / HTTP/1.1" 206 10804 "-" "facebookexternalhit/1.1 (+http://www.facebook.com/externalhit_uatext.php)"
69.171.230.121 - - [03/Jul/2016:01:25:34 -0400] "GET / HTTP/1.1" 206 10804 "-" "facebookexternalhit/1.1 (+http://www.facebook.com/externalhit_uatext.php)"
69.171.230.120 - - [03/Jul/2016:01:25:34 -0400] "GET / HTTP/1.1" 206 10804 "-" "facebookexternalhit/1.1 (+http://www.facebook.com/externalhit_uatext.php)"
174.113.190.94 - - [03/Jul/2016:01:26:24 -0400] "GET /process/ HTTP/1.1" 200 9696 "http://www.chosensolutions.ca/" "Mozilla/5.0 (Windows NT 10.0; WOW64) AppleWebKit/537.36 (KHTML, like Gecko) Chrome/51.0.2704.103 Safari/537.36"
174.113.190.94 - - [03/Jul/2016:01:26:25 -0400] "GET /wp-content/uploads/siteorigin-widgets/sow-image-default-642c5433d908.css?ver=4.5.3 HTTP/1.1" 200 466 "http://www.chosensolutions.ca/process/" "Mozilla/5.0 (Windows NT 10.0; WOW64) AppleWebKit/537.36 (KHTML, like Gecko) Chrome/51.0.2704.103 Safari/537.36"
174.113.190.94 - - [03/Jul/2016:01:26:25 -0400] "GET /wp-content/uploads/2016/06/realize-1-1024x434.png HTTP/1.1" 200 103695 "http://www.chosensolutions.ca/process/" "Mozilla/5.0 (Windows NT 10.0; WOW64) AppleWebKit/537.36 (KHTML, like Gecko) Chrome/51.0.2704.103 Safari/537.36"
174.113.190.94 - - [03/Jul/2016:01:26:25 -0400] "GET /wp-content/uploads/2016/06/design-1-1024x540.png HTTP/1.1" 200 128216 "http://www.chosensolutions.ca/process/" "Mozilla/5.0 (Windows NT 10.0; WOW64) AppleWebKit/537.36 (KHTML, like Gecko) Chrome/51.0.2704.103 Safari/537.36"
174.113.190.94 - - [03/Jul/2016:01:26:25 -0400] "GET /wp-content/uploads/2016/06/support-1024x718.png HTTP/1.1" 200 274570 "http://www.chosensolutions.ca/process/" "Mozilla/5.0 (Windows NT 10.0; WOW64) AppleWebKit/537.36 (KHTML, like Gecko) Chrome/51.0.2704.103 Safari/537.36"
174.113.190.94 - - [03/Jul/2016:01:26:25 -0400] "GET /wp-content/uploads/2016/06/develop_code-1-1024x809.png HTTP/1.1" 200 249669 "http://www.chosensolutions.ca/process/" "Mozilla/5.0 (Windows NT 10.0; WOW64) AppleWebKit/537.36 (KHTML, like Gecko) Chrome/51.0.2704.103 Safari/537.36"
174.113.190.94 - - [03/Jul/2016:01:26:25 -0400] "GET /wp-content/uploads/2016/06/deploy-1-1024x479.png HTTP/1.1" 200 161865 "http://www.chosensolutions.ca/process/" "Mozilla/5.0 (Windows NT 10.0; WOW64) AppleWebKit/537.36 (KHTML, like Gecko) Chrome/51.0.2704.103 Safari/537.36"
174.113.190.94 - - [03/Jul/2016:01:26:32 -0400] "GET /blog/ HTTP/1.1" 200 10677 "http://www.chosensolutions.ca/process/" "Mozilla/5.0 (Windows NT 10.0; WOW64) AppleWebKit/537.36 (KHTML, like Gecko) Chrome/51.0.2704.103 Safari/537.36"
174.113.190.94 - - [03/Jul/2016:01:26:32 -0400] "GET /wp-includes/js/mediaelement/mediaelementplayer.min.css?ver=2.18.1 HTTP/1.1" 200 3486 "http://www.chosensolutions.ca/blog/" "Mozilla/5.0 (Windows NT 10.0; WOW64) AppleWebKit/537.36 (KHTML, like Gecko) Chrome/51.0.2704.103 Safari/537.36"
174.113.190.94 - - [03/Jul/2016:01:26:32 -0400] "GET /wp-includes/js/mediaelement/wp-mediaelement.min.css?ver=4.5.3 HTTP/1.1" 200 1577 "http://www.chosensolutions.ca/blog/" "Mozilla/5.0 (Windows NT 10.0; WOW64) AppleWebKit/537.36 (KHTML, like Gecko) Chrome/51.0.2704.103 Safari/537.36"
174.113.190.94 - - [03/Jul/2016:01:26:32 -0400] "GET /wp-content/plugins/jetpack/modules/shortcodes/js/jquery.cycle.js?ver=2.9999.8 HTTP/1.1" 200 14190 "http://www.chosensolutions.ca/blog/" "Mozilla/5.0 (Windows NT 10.0; WOW64) AppleWebKit/537.36 (KHTML, like Gecko) Chrome/51.0.2704.103 Safari/537.36"
174.113.190.94 - - [03/Jul/2016:01:26:32 -0400] "GET /wp-content/plugins/jetpack/modules/shortcodes/js/slideshow-shortcode.js?ver=20121214.1 HTTP/1.1" 200 2268 "http://www.chosensolutions.ca/blog/" "Mozilla/5.0 (Windows NT 10.0; WOW64) AppleWebKit/537.36 (KHTML, like Gecko) Chrome/51.0.2704.103 Safari/537.36"
174.113.190.94 - - [03/Jul/2016:01:26:32 -0400] "GET /wp-includes/js/mediaelement/wp-mediaelement.min.js?ver=4.5.3 HTTP/1.1" 200 770 "http://www.chosensolutions.ca/blog/" "Mozilla/5.0 (Windows NT 10.0; WOW64) AppleWebKit/537.36 (KHTML, like Gecko) Chrome/51.0.2704.103 Safari/537.36"
174.113.190.94 - - [03/Jul/2016:01:26:32 -0400] "GET /wp-includes/js/mediaelement/mediaelement-and-player.min.js?ver=2.18.1-a HTTP/1.1" 200 22740 "http://www.chosensolutions.ca/blog/" "Mozilla/5.0 (Windows NT 10.0; WOW64) AppleWebKit/537.36 (KHTML, like Gecko) Chrome/51.0.2704.103 Safari/537.36"
174.113.190.94 - - [03/Jul/2016:01:26:32 -0400] "GET /wp-content/uploads/2016/07/chinese-fried-rice-830x554.jpg HTTP/1.1" 304 181 "http://www.chosensolutions.ca/blog/" "Mozilla/5.0 (Windows NT 10.0; WOW64) AppleWebKit/537.36 (KHTML, like Gecko) Chrome/51.0.2704.103 Safari/537.36"
174.113.190.94 - - [03/Jul/2016:01:26:32 -0400] "GET /wp-content/uploads/2016/07/man-791049_1280-830x537.jpg HTTP/1.1" 200 51894 "http://www.chosensolutions.ca/blog/" "Mozilla/5.0 (Windows NT 10.0; WOW64) AppleWebKit/537.36 (KHTML, like Gecko) Chrome/51.0.2704.103 Safari/537.36"
174.113.190.94 - - [03/Jul/2016:01:26:32 -0400] "GET /wp-content/uploads/2016/06/background-830x460.jpg HTTP/1.1" 200 61053 "http://www.chosensolutions.ca/blog/" "Mozilla/5.0 (Windows NT 10.0; WOW64) AppleWebKit/537.36 (KHTML, like Gecko) Chrome/51.0.2704.103 Safari/537.36"
174.113.190.94 - - [03/Jul/2016:01:26:36 -0400] "GET /about HTTP/1.1" 301 329 "http://www.chosensolutions.ca/blog/" "Mozilla/5.0 (Windows NT 10.0; WOW64) AppleWebKit/537.36 (KHTML, like Gecko) Chrome/51.0.2704.103 Safari/537.36"
174.113.190.94 - - [03/Jul/2016:01:26:36 -0400] "GET /about/ HTTP/1.1" 200 10169 "http://www.chosensolutions.ca/blog/" "Mozilla/5.0 (Windows NT 10.0; WOW64) AppleWebKit/537.36 (KHTML, like Gecko) Chrome/51.0.2704.103 Safari/537.36"
174.113.190.94 - - [03/Jul/2016:01:26:37 -0400] "GET /wp-content/uploads/2016/06/5568871-460x400.jpg HTTP/1.1" 304 180 "http://www.chosensolutions.ca/about/" "Mozilla/5.0 (Windows NT 10.0; WOW64) AppleWebKit/537.36 (KHTML, like Gecko) Chrome/51.0.2704.103 Safari/537.36"
174.113.190.94 - - [03/Jul/2016:01:26:37 -0400] "GET /wp-content/uploads/2016/06/4117654-400x400.jpg HTTP/1.1" 200 25773 "http://www.chosensolutions.ca/about/" "Mozilla/5.0 (Windows NT 10.0; WOW64) AppleWebKit/537.36 (KHTML, like Gecko) Chrome/51.0.2704.103 Safari/537.36"
174.113.190.94 - - [03/Jul/2016:01:26:37 -0400] "GET /wp-content/uploads/2016/06/AAEAAQAAAAAAAAdcAAAAJDg5M2JkY2Y2LTNmNWMtNGU0Zi05MGNhLTNhNzI0NjVkMGVmYg-e1467341446918.jpg HTTP/1.1" 200 11611 "http://www.chosensolutions.ca/about/" "Mozilla/5.0 (Windows NT 10.0; WOW64) AppleWebKit/537.36 (KHTML, like Gecko) Chrome/51.0.2704.103 Safari/537.36"
174.113.190.94 - - [03/Jul/2016:01:26:37 -0400] "GET /wp-content/uploads/2016/06/226e3c2-450x400.jpg HTTP/1.1" 304 180 "http://www.chosensolutions.ca/about/" "Mozilla/5.0 (Windows NT 10.0; WOW64) AppleWebKit/537.36 (KHTML, like Gecko) Chrome/51.0.2704.103 Safari/537.36"
174.113.190.94 - - [03/Jul/2016:01:26:38 -0400] "GET /contact/ HTTP/1.1" 200 9852 "http://www.chosensolutions.ca/about/" "Mozilla/5.0 (Windows NT 10.0; WOW64) AppleWebKit/537.36 (KHTML, like Gecko) Chrome/51.0.2704.103 Safari/537.36"
174.113.190.94 - - [03/Jul/2016:01:26:38 -0400] "GET /wp-content/plugins/contact-form-7-mailchimp-extension/assets/images/fading-squares.gif HTTP/1.1" 200 6173 "http://www.chosensolutions.ca/contact/" "Mozilla/5.0 (Windows NT 10.0; WOW64) AppleWebKit/537.36 (KHTML, like Gecko) Chrome/51.0.2704.103 Safari/537.36"
174.113.190.94 - - [03/Jul/2016:01:26:38 -0400] "GET /contact/?preview_id=11&preview_nonce=40eda31a28&preview=true&_wpcf7_is_ajax_call=1&_wpcf7=40&_wpcf7_request_ver=1467523597654 HTTP/1.1" 500 7511 "http://www.chosensolutions.ca/contact/" "Mozilla/5.0 (Windows NT 10.0; WOW64) AppleWebKit/537.36 (KHTML, like Gecko) Chrome/51.0.2704.103 Safari/537.36"
66.249.66.137 - - [03/Jul/2016:01:41:26 -0400] "GET /wp-content/themes/sydney/style.css?ver=4.5.3 HTTP/1.1" 200 12759 "http://www.chosensolutions.ca/category/marketing/" "Mozilla/5.0 (compatible; Googlebot/2.1; +http://www.google.com/bot.html)"
66.249.66.145 - - [03/Jul/2016:01:41:27 -0400] "GET /wp-content/plugins/magic-action-box/assets/js/actionbox-helper.js?ver=2.17.1 HTTP/1.1" 200 577 "http://www.chosensolutions.ca/category/marketing/" "Mozilla/5.0 (compatible; Googlebot/2.1; +http://www.google.com/bot.html)"
180.76.15.148 - - [03/Jul/2016:02:44:58 -0400] "GET /wp-json/ HTTP/1.1" 200 1395 "-" "Mozilla/5.0 (compatible; Baiduspider/2.0; +http://www.baidu.com/search/spider.html)"
159.203.35.33 - - [03/Jul/2016:02:44:58 -0400] "POST /wp-cron.php?doing_wp_cron=1467528298.7282330989837646484375 HTTP/1.0" 200 392 "-" "WordPress/4.5.3; http://www.chosensolutions.ca"
180.76.15.151 - - [03/Jul/2016:02:46:20 -0400] "GET /robots.txt HTTP/1.1" 200 516 "-" "Mozilla/5.0 (Windows NT 5.1; rv:6.0.2) Gecko/20100101 Firefox/6.0.2"
159.203.35.33 - - [03/Jul/2016:02:46:20 -0400] "POST /wp-cron.php?doing_wp_cron=1467528380.1464130878448486328125 HTTP/1.0" 200 402 "-" "WordPress/4.5.3; http://www.chosensolutions.ca"
66.249.66.145 - - [03/Jul/2016:02:50:10 -0400] "GET / HTTP/1.1" 200 10757 "-" "Mozilla/5.0 (compatible; Googlebot/2.1; +http://www.google.com/bot.html)"
159.203.35.33 - - [03/Jul/2016:03:30:22 -0400] "POST /wp-cron.php?doing_wp_cron=1467531022.5071859359741210937500 HTTP/1.0" 200 356 "-" "WordPress/4.5.3; http://www.chosensolutions.ca"
66.249.66.137 - - [03/Jul/2016:03:30:22 -0400] "GET /blog-post-1/ HTTP/1.1" 404 26757 "-" "Mozilla/5.0 (compatible; Googlebot/2.1; +http://www.google.com/bot.html)"
66.249.66.141 - - [03/Jul/2016:04:18:25 -0400] "GET /wp-content/uploads/2016/06/develop_code-1-768x607.png HTTP/1.1" 200 183920 "-" "Googlebot-Image/1.0"
123.220.251.190 - - [03/Jul/2016:04:23:00 -0400] "GET /manager/html HTTP/1.1" 301 438 "-" "Mozilla/5.0 (Windows NT 5.1; rv:5.0) Gecko/20100101 Firefox/5.0"
159.203.35.33 - - [03/Jul/2016:04:23:01 -0400] "POST /wp-cron.php?doing_wp_cron=1467534180.8360750675201416015625 HTTP/1.0" 200 237 "-" "WordPress/4.5.3; http://www.chosensolutions.ca"
159.203.35.33 - - [03/Jul/2016:04:50:19 -0400] "POST /wp-cron.php?doing_wp_cron=1467535819.4372370243072509765625 HTTP/1.0" 200 201 "-" "WordPress/4.5.3; http://www.chosensolutions.ca"
66.249.66.141 - - [03/Jul/2016:04:50:19 -0400] "GET /about/ HTTP/1.1" 200 8314 "-" "Mozilla/5.0 (compatible; Googlebot/2.1; +http://www.google.com/bot.html)"
159.203.35.33 - - [03/Jul/2016:05:04:44 -0400] "POST /wp-cron.php?doing_wp_cron=1467536684.2540850639343261718750 HTTP/1.0" 200 201 "-" "WordPress/4.5.3; http://www.chosensolutions.ca"
66.249.69.213 - - [03/Jul/2016:05:04:44 -0400] "GET /robots.txt HTTP/1.1" 200 525 "-" "Mozilla/5.0 (compatible; Googlebot/2.1; +http://www.google.com/bot.html)"
66.249.69.218 - - [03/Jul/2016:05:04:44 -0400] "GET / HTTP/1.1" 200 10756 "-" "Mozilla/5.0 (compatible; Googlebot/2.1; +http://www.google.com/bot.html)"
66.249.69.218 - - [03/Jul/2016:05:07:33 -0400] "GET /design/ HTTP/1.1" 200 9389 "-" "Mozilla/5.0 (compatible; Googlebot/2.1; +http://www.google.com/bot.html)"
66.249.69.208 - - [03/Jul/2016:05:11:19 -0400] "GET /web-development/ HTTP/1.1" 200 9361 "-" "Mozilla/5.0 (compatible; Googlebot/2.1; +http://www.google.com/bot.html)"
159.203.35.33 - - [03/Jul/2016:05:31:31 -0400] "POST /wp-cron.php?doing_wp_cron=1467538291.1864840984344482421875 HTTP/1.0" 200 356 "-" "WordPress/4.5.3; http://www.chosensolutions.ca"
193.109.69.2 - - [03/Jul/2016:05:31:31 -0400] "GET / HTTP/1.1" 301 268 "-" "Mozilla/5.0 (Linux; U; Android 4.2.2; en-us; A1-810 Build/JDQ39) AppleWebKit/534.30 (KHTML, like Gecko) Version/4.0 Safari/534.30"
::1 - - [03/Jul/2016:06:28:17 -0400] "OPTIONS * HTTP/1.0" 200 125 "-" "Apache/2.4.7 (Ubuntu) PHP/5.5.9-1ubuntu4.17 (internal dummy connection)"
::1 - - [03/Jul/2016:06:28:17 -0400] "OPTIONS * HTTP/1.0" 200 125 "-" "Apache/2.4.7 (Ubuntu) PHP/5.5.9-1ubuntu4.17 (internal dummy connection)"
::1 - - [03/Jul/2016:06:28:17 -0400] "OPTIONS * HTTP/1.0" 200 125 "-" "Apache/2.4.7 (Ubuntu) PHP/5.5.9-1ubuntu4.17 (internal dummy connection)"
::1 - - [03/Jul/2016:06:28:17 -0400] "OPTIONS * HTTP/1.0" 200 125 "-" "Apache/2.4.7 (Ubuntu) PHP/5.5.9-1ubuntu4.17 (internal dummy connection)"
::1 - - [03/Jul/2016:06:28:17 -0400] "OPTIONS * HTTP/1.0" 200 125 "-" "Apache/2.4.7 (Ubuntu) PHP/5.5.9-1ubuntu4.17 (internal dummy connection)"
::1 - - [03/Jul/2016:06:28:17 -0400] "OPTIONS * HTTP/1.0" 200 125 "-" "Apache/2.4.7 (Ubuntu) PHP/5.5.9-1ubuntu4.17 (internal dummy connection)"
